<details> <summary> <b>luci-theme-argon new commit log :rocket: </b> </summary>

#### [:mega: Full Changelog. ](https://github.com/jerrykuku/luci-theme-argon/compare/23c3e525578374d6b20f5e7b93d27874cd01a252...ee60fd61a6c5fa7a240fcd69dbb66f1651b27d9f)  
:heavy_exclamation_mark: The list displays only the latest 15 commit logs.  

SHA|Author|Date|Message
-|-|-|-
ee60fd6|老竭力|Fri Oct 9 10:58:50 2026 +0800|fix(ci): use curated notes for preview releases
5e09e95|老竭力|Fri Oct 9 10:50:34 2026 +0800|feat(ci): publish paired preview releases
db0281e|老竭力|Fri Oct 9 10:50:34 2026 +0800|feat(theme): support custom login logo and browser icon
b979a4c|github-actions[bot]|Fri Oct 9 10:23:42 2026 +0800|docs: sync release notes for v2.4.8
ba32564|老竭力|Thu Oct 8 16:11:06 2026 +0800|feat(theme): support selectable login page layouts
c70ed6b|老竭力|Thu Oct 8 15:47:35 2026 +0800|fix(theme): align notification banners and improve spacing
1055e79|老竭力|Thu Oct 8 15:31:49 2026 +0800|fix(theme): improve sysupgrade dialog contrast and wrapping [skip ci]
2e775e7|github-actions[bot]|Thu Oct 8 14:16:03 2026 +0800|docs: sync release notes for v2.4.8
0a6f52b|老竭力|Thu Oct 8 13:50:57 2026 +0800|fix(ci): harden SDK downloads and update Actions runtimes
8652e78|老竭力|Thu Oct 8 13:20:44 2026 +0800|fix(theme): align MultiWAN status cards and prevent text overflow
f2c7dcd|老竭力|Thu Oct 8 12:06:59 2026 +0800|fix(theme): preserve channel analysis graph width in inactive tabs
e703b62|老竭力|Thu Oct 8 11:53:45 2026 +0800|fix(theme): correct table dividers and Dockerman overview layout
6945d29|老竭力|Thu Oct 8 11:41:09 2026 +0800|fix(theme): improve switch VLAN view contrast in dark mode
5211d66|老竭力|Thu Oct 8 11:40:51 2026 +0800|fix(docs): clarify package format compatibility and installation
056e9b7|老竭力|Thu Oct 8 11:40:40 2026 +0800|fix(dropdown): hide unselected items in empty network selectors

</details>
