<details> <summary> <b>immortalwrt new commit log :rocket: </b> </summary>

#### [:mega: Full Changelog. ](https://github.com/immortalwrt/immortalwrt/compare/89dfac46c9f1eaeb56c6cf49eb289b4475f446f7...ce35a9e4ef1b87fbbc2146036ce6693e4242861a)  
:heavy_exclamation_mark: The list displays only the latest 15 commit logs.  

SHA|Author|Date|Message
-|-|-|-
ce35a9e4ef|Tianling Shen|Fri Oct 9 11:20:31 2026 +0800|Merge Official Source
4e8352ff14|Tianling Shen|Thu Oct 8 10:28:51 2026 +0800|kernel: restore conntrack notifier chains support
66673aad8f|Sander van Deijck|Sun Sep 27 17:41:59 2026 +0200|wolfssl: update to 5.9.4
1682d87632|Felix Fietkau|Fri Jul 10 14:45:10 2026 +0200|wifi-scripts: pass multicast_to_unicast as an integer
c740570351|David Bauer|Wed Oct 7 15:48:17 2026 +0200|hostapd: refresh patches
647fabb38c|David Bauer|Wed Oct 7 15:46:29 2026 +0200|hostapd: depend ubus support on base64
7f72f1c356|John Crispin|Mon Aug 4 07:37:47 2025 +0200|hostapd: add raw beacon report data to ubus notification
2da3e5c149|Serv Pol|Sun Oct 4 17:32:20 2026 +0300|ath79: gl-e750: fix 5 GHz calibration on V2
6100eec644|Hauke Mehrtens|Sun Oct 4 23:09:25 2026 +0200|umdns: update to Git HEAD (2026-10-04)
4b42bd73a2|Hauke Mehrtens|Sun Oct 4 18:34:01 2026 +0200|uhttpd: update to Git HEAD (2026-08-24)
b97f66de32|Gilberto Conde|Sat Oct 3 23:34:04 2026 +0300|kernel: qmi_wwan: add support for Quectel EG120K-EA
099e5bc518|Hauke Mehrtens|Sat Oct 3 19:08:23 2026 +0200|mt76: cherry pick upstream Linux patches from 6.18.55
0110eab5aa|Joseph Chen|Sun Oct 4 08:46:32 2026 +0800|sunxi: enable H3 R-PIO support for H5 boards
44e9ffcf8a|Hauke Mehrtens|Sat Jun 27 16:12:46 2026 +0200|odhcp6c: update to Git HEAD (2026-06-27)
d9178efb38|Hauke Mehrtens|Sun Oct 4 01:55:38 2026 +0200|rpcd: update to Git HEAD (2026-10-04)


</details>
